[use.typekit.net/ijh5bse8e5e.css]
[wollongongmow.com.au/apple-touch-icon.png]
[wollongongmow.com.au/favicon-32x32.png]
[wollongongmow.com.au/favicon-16x16.png]
[wollongongmow.com.au/manifest.json]
[backblue.gif]
[fade.gif]
[index.html]
[wollongongmow.com.au/favicon.ico]
[www.google-analytics.com/analytics.js]
[www.google.com/recaptcha/api.js]
[wollongongmow.com.au/ScriptResource5c2a.js]
[wollongongmow.com.au/ScriptResource62f6.js]
[wollongongmow.com.au/getmedia/0d3abf2e-fda9-485d-b54d-f3ffafcaba6e/DoHCrest9bce.png]
[wollongongmow.com.au/getmedia/f57b7c21-d83c-4146-95cb-8cd152a951dc/Couple-receiving-meal-delivery9cc4.jpg]
[wollongongmow.com.au/getmedia/d014ed79-745b-44ad-9e11-bf3780699755/Couple-onp-hone9cc4.jpg]
[wollongongmow.com.au/NswMealsOnWheels/markup/dist/assets/img/icons/instagram.png]
[wollongongmow.com.au/NswMealsOnWheels/markup/dist/assets/img/icons/youtube.png]
[wollongongmow.com.au/NswMealsOnWheels/markup/dist/assets/js/appbcfe.js]
[cdn.userway.org/widget.js]
[translate.google.com/translate_a/elementa0d8.js]
[secure.ewaypayments.com/scripts/eCrypt.min.js]
[wollongongmow.com.au/index.html]
[use.typekit.net/af/034166/00000000000000003b9b2056/27/l7238]
[use.typekit.net/af/034166/00000000000000003b9b2056/27/d7238]
[use.typekit.net/af/034166/00000000000000003b9b2056/27/a7238]
[use.typekit.net/af/6a58f8/00000000000000003b9b2058/27/l5bba]
[use.typekit.net/af/6a58f8/00000000000000003b9b2058/27/d5bba]
[use.typekit.net/af/6a58f8/00000000000000003b9b2058/27/a5bba]
[use.typekit.net/af/6559ad/00000000000000003b9b205c/27/l3b0e]
[use.typekit.net/af/6559ad/00000000000000003b9b205c/27/d3b0e]
[use.typekit.net/af/6559ad/00000000000000003b9b205c/27/a3b0e]
[use.typekit.net/af/040829/00000000000000003b9b205d/27/l00e3]
[use.typekit.net/af/040829/00000000000000003b9b205d/27/d00e3]
[use.typekit.net/af/18efc2/00000000000000003b9b205e/27/lfdcc]
[use.typekit.net/af/040829/00000000000000003b9b205d/27/a00e3]
[use.typekit.net/af/18efc2/00000000000000003b9b205e/27/dfdcc]
[use.typekit.net/af/18efc2/00000000000000003b9b205e/27/afdcc]
[use.typekit.net/af/dff101/00000000000000003b9b2061/27/le003]
[use.typekit.net/af/dff101/00000000000000003b9b2061/27/de003]
[use.typekit.net/af/dff101/00000000000000003b9b2061/27/ae003]
[use.typekit.net/af/3da9bf/00000000000000003b9b2063/27/le196]
[use.typekit.net/af/3da9bf/00000000000000003b9b2063/27/de196]
[use.typekit.net/ijh5bse8e5e.css]
[use.typekit.net/af/3da9bf/00000000000000003b9b2063/27/ae196]
[wollongongmow.com.au/NswMealsOnWheels/markup/dist/assets/img/icons/sign-out.png]
[wollongongmow.com.au/NswMealsOnWheels/markup/dist/assets/img/friends/friends-banner-background.png]
[wollongongmow.com.au/NSWMealsOnWheels/markup/src/assets/img/icons/find-us/CHSPlandscape.png]
[wollongongmow.com.au/NSWMealsOnWheels/markup/src/assets/img/icons/find-us/NDISselfmanagedlandscape.png]
[wollongongmow.com.au/NSWMealsOnWheels/markup/src/assets/img/icons/find-us/NDISlandscape.png]
[wollongongmow.com.au/NSWMealsOnWheels/markup/src/assets/img/icons/find-us/Fullfeelandscape.png]
[wollongongmow.com.au/NSWMealsOnWheels/markup/src/assets/img/icons/find-us/HCPlandscape.png]
[wollongongmow.com.au/NswMealsOnWheels/markup/dist/assets/img/icons/recipe-icons/vegan.jpg]
[wollongongmow.com.au/NswMealsOnWheels/markup/dist/assets/img/icons/recipe-icons/lactose-free.jpg]
[wollongongmow.com.au/NswMealsOnWheels/markup/dist/assets/img/icons/recipe-icons/vegetarian.jpg]
[wollongongmow.com.au/NswMealsOnWheels/markup/dist/assets/img/icons/recipe-icons/gluten-free.jpg]
[wollongongmow.com.au/NswMealsOnWheels/markup/dist/assets/img/icons/recipe-icons/entree.jpg]
[wollongongmow.com.au/NswMealsOnWheels/markup/dist/assets/img/icons/recipe-icons/mains.jpg]
[wollongongmow.com.au/NswMealsOnWheels/markup/dist/assets/img/icons/recipe-icons/desserts.jpg]
[wollongongmow.com.au/NswMealsOnWheels/markup/dist/assets/css/app8e5e.css]
[wollongongmow.com.au/android-icon-192x192.html]
[wollongongmow.com.au/android-icon-512x512.html]
[www.googletagmanager.com/gtm5445.html]
[wollongongmow.com.au/WebResourced865.js]
[wollongongmow.com.au/ScriptResource5c2a.js]
[wollongongmow.com.au/ScriptResource62f6.js]
[wollongongmow.com.au/services/wollongong/about-us.html]
[www.google.com/recaptcha/api08a0.js]
[wollongongmow.com.au/getmedia/8e35ac6b-65bc-48c4-84f6-7dc06e80c40b/h3b67.png]
[wollongongmow.com.au/services/wollongong/registration.html]
[wollongongmow.com.au/services/wollongong/ordering-and-delivery.html]
[wollongongmow.com.au/ScriptResource6930.js]
[wollongongmow.com.au/services/wollongong/volunteer.html]
[wollongongmow.com.au/services/wollongong/about-us/our-team.html]
[wollongongmow.com.au/NSWMealsOnWheels/markup/dist/assets/img/icons/recipe-new/DAIRY_FREE_ICON.gif]
[wollongongmow.com.au/NSWMealsOnWheels/markup/dist/assets/img/icons/recipe-new/DESSERT_ICON.gif]
[wollongongmow.com.au/NSWMealsOnWheels/markup/dist/assets/img/icons/recipe-new/DIABETES_FRIENDLY_ICON.gif]
[wollongongmow.com.au/NSWMealsOnWheels/markup/dist/assets/img/icons/recipe-new/ENTREE_ICON.gif]
[wollongongmow.com.au/NSWMealsOnWheels/markup/dist/assets/img/icons/recipe-new/GLUTEN_FREE_ICON.gif]
[wollongongmow.com.au/NSWMealsOnWheels/markup/dist/assets/img/icons/recipe-new/HEART_HEALTHY_ICON.gif]
[wollongongmow.com.au/NSWMealsOnWheels/markup/dist/assets/img/icons/recipe-new/LACTOSE_FREE_ICON.gif]
[wollongongmow.com.au/NSWMealsOnWheels/markup/dist/assets/img/icons/recipe-new/LOW_SALT_ICON.gif]
[wollongongmow.com.au/NSWMealsOnWheels/markup/dist/assets/img/icons/recipe-new/MAIN_ICON.gif]
[wollongongmow.com.au/NSWMealsOnWheels/markup/dist/assets/img/icons/recipe-new/MINCED_MOIST_ICON.gif]
[wollongongmow.com.au/NSWMealsOnWheels/markup/dist/assets/img/icons/recipe-new/TEXTURE_MODIFIED_ICON.gif]
[wollongongmow.com.au/NSWMealsOnWheels/markup/dist/assets/img/icons/recipe-new/TEXTURE_SOFT_ICON.gif]
[wollongongmow.com.au/NSWMealsOnWheels/markup/dist/assets/img/icons/recipe-new/VEGAN_ICON.gif]
[wollongongmow.com.au/NSWMealsOnWheels/markup/dist/assets/img/icons/recipe-new/VEGETARIAN_ICON.gif]
[wollongongmow.com.au/getmedia/549fbbea-f467-4ba8-8d4a-e603d22e1fd6/Fish-Cake-with-Parsley-Sauce119d.jpg]
[wollongongmow.com.au/getmedia/c02beaa2-a9de-48d5-a6e2-f22485842357/dreamstimemaximum_33418649fe9d.jpg]
[wollongongmow.com.au/getmedia/d4b75fda-efb9-4b19-99d9-1f7d4cc39ef6/dreamstimemaximum_37425873fe9d.jpg]
[wollongongmow.com.au/getmedia/d4924c7d-871f-4bcb-aaf4-9f209ba0f3db/dreamstimemaximum_336088714be9.jpg]
[wollongongmow.com.au/getmedia/c91c1ed7-ea0d-436d-815d-cd391fdff64b/dreamstimemaximum_45781329119d.jpg]
[wollongongmow.com.au/getmedia/a96589de-11b8-44ff-a6b6-b9cc9b71dc5f/dreamstimemaximum_155104973469.jpg]
[wollongongmow.com.au/getmedia/9781672c-51bb-41c9-9c76-eb2db6702b10/dreamstimelarge_111631175119d.jpg]
[wollongongmow.com.au/services/wollongong/our-menu.html]
[wollongongmow.com.au/services/wollongong/contact-us.html]
[wollongongmow.com.au/NswMealsOnWheels/markup/dist/assets/img/logos/MOW_NSW_LOGO_TM.png]
[wollongongmow.com.au/NswMealsOnWheels/markup/dist/assets/js/app2dac.js]
[wollongongmow.com.au/members-area.html]
[wollongongmow.com.au/services/wollongong/useful-sites.html]
[wollongongmow.com.au/services/wollongong/faqs.html]
[wollongongmow.com.au/NswMealsOnWheels/markup/dist/assets/img/logos/more than.svg]
[wollongongmow.com.au/NswMealsOnWheels/markup/dist/assets/img/logos/australian-government.svg]
[wollongongmow.com.au/WebResource6853.html]
[p.typekit.net/pe7e4.css]
[wollongongmow.com.au/NswMealsOnWheels/markup/dist/assets/css/ajax-loader.html]
[wollongongmow.com.au/NswMealsOnWheels/markup/dist/assets/css/fonts/slick.html]
[wollongongmow.com.au/NswMealsOnWheels/markup/dist/assets/css/fonts/slickd41d.html]
[wollongongmow.com.au/NswMealsOnWheels/markup/dist/assets/css/fonts/slick-2.html]
[wollongongmow.com.au/NswMealsOnWheels/markup/dist/assets/css/fonts/slick-3.html]
[wollongongmow.com.au/NswMealsOnWheels/markup/dist/assets/css/fonts/slick-4.html]
[wollongongmow.com.au/NswMealsOnWheels/markup/dist/assets/css/images/ui-icons_444444_256x240.html]
[wollongongmow.com.au/NswMealsOnWheels/markup/dist/assets/css/images/ui-icons_555555_256x240.html]
[wollongongmow.com.au/NswMealsOnWheels/markup/dist/assets/css/images/ui-icons_ffffff_256x240.html]
[wollongongmow.com.au/NswMealsOnWheels/markup/dist/assets/css/images/ui-icons_777620_256x240.html]
[wollongongmow.com.au/NswMealsOnWheels/markup/dist/assets/css/images/ui-icons_cc0000_256x240.html]
[wollongongmow.com.au/NswMealsOnWheels/markup/dist/assets/css/images/ui-icons_777777_256x240.html]
[wollongongmow.com.au/POST.html]
[wollongongmow.com.au/Firefox/index.html]
[wollongongmow.com.au/AppleWebKit/index.html]
[wollongongmow.com.au/Opera/index.html]
[wollongongmow.com.au/MicrosoftAjaxWebForms.html]
[wollongongmow.com.au/MicrosoftAjaxSerialization.html]
[wollongongmow.com.au/MicrosoftAjaxNetwork.html]
[wollongongmow.com.au/services/wollongong/about-us/committee-members.html]
[wollongongmow.com.au/services/wollongong/about-us/our-volunteers.html]
[wollongongmow.com.au/CMSPages/jquery-coref17e.js]
[wollongongmow.com.au/CMSPages/jquery-cmscompatibility1d39.js]
[wollongongmow.com.au/services/wollongong/privacy.html]
[wollongongmow.com.au/services/wollongong/terms-and-conditions.html]
[wollongongmow.com.au/ScriptResource6930.js]
[wollongongmow.com.au/NSWMealsOnWheels/markup/dist/assets/img/icons/recipe-new/DAIRY-FREE-ICON.png]
[wollongongmow.com.au/NSWMealsOnWheels/markup/dist/assets/img/icons/recipe-new/DESSERT-ICON.png]
[wollongongmow.com.au/NSWMealsOnWheels/markup/dist/assets/img/icons/recipe-new/ENTREE-ICON.png]
[wollongongmow.com.au/NSWMealsOnWheels/markup/dist/assets/img/icons/recipe-new/GLUTEN-FREE-ICON.png]
[wollongongmow.com.au/NSWMealsOnWheels/markup/dist/assets/img/icons/recipe-new/HEART-HEALTHY-ICON.png]
[wollongongmow.com.au/NSWMealsOnWheels/markup/dist/assets/img/icons/recipe-new/LACTOSE-FREE-ICON.png]
[wollongongmow.com.au/NSWMealsOnWheels/markup/dist/assets/img/icons/recipe-new/LOW-SALT-ICON.png]
[wollongongmow.com.au/NSWMealsOnWheels/markup/dist/assets/img/icons/recipe-new/MAIN-ICON.png]
[wollongongmow.com.au/NSWMealsOnWheels/markup/dist/assets/img/icons/recipe-new/MINCED-MOIST-ICON.png]
[wollongongmow.com.au/NSWMealsOnWheels/markup/dist/assets/img/icons/recipe-new/TEXTURE-MODIFIED-ICON.png]
[wollongongmow.com.au/NSWMealsOnWheels/markup/dist/assets/img/icons/recipe-new/TEXTURE-SOFT-ICON.png]
[wollongongmow.com.au/NSWMealsOnWheels/markup/dist/assets/img/icons/recipe-new/VEGAN-ICON.png]
[wollongongmow.com.au/NSWMealsOnWheels/markup/dist/assets/img/icons/recipe-new/VEGETARIAN-ICON.png]
[wollongongmow.com.au/services/wollongong/our-menu/beef-meals/beef-red-wibe-casserole.html]
[wollongongmow.com.au/services/wollongong/our-menu/fish-meals/fish-cakes-with-parsley-sauce.html]
[wollongongmow.com.au/services/wollongong/our-menu/pork-meals/roast-pork-with-homemade-gravy-baked-potato.html]
[wollongongmow.com.au/services/wollongong/our-menu/lamb-meals/steak-and-kidney-casserole-with-mashed-potato.html]
[wollongongmow.com.au/services/wollongong/our-menu/mini-meals/mini-meals-steak-kidney-with-mashed-potato.html]
[wollongongmow.com.au/services/wollongong/our-menu/standard-desserts/apple-rhubarb-crumble-custard.html]
[wollongongmow.com.au/services/wollongong/our-menu/texture-modified-meals/corned-beef-in-white-sauce.html]
[wollongongmow.com.au/services/wollongong/our-menu/soups/beef-vegetable.html]
[wollongongmow.com.au/services/wollongong/our-menu/chicken-turkey-meals/chicken-vegetable-pie-(1).html]
[wollongongmow.com.au/services/wollongong/our-menu/specialty-range/veal-schnitzel.html]
[wollongongmow.com.au/services/wollongong/our-menu/vegetarian-meals/brown-rice-vegetable-patties.html]
[wollongongmow.com.au/services/wollongong/our-menu/fish-meals/baked-fish-with-parsley-lemon-butter.html]
[wollongongmow.com.au/services/wollongong/our-menu/pork-meals/pork-steak-diane.html]
[wollongongmow.com.au/services/wollongong/our-menu/soups/chicken-corn-(1).html]
[wollongongmow.com.au/services/wollongong/our-menu/texture-modified-meals/cottage-pie.html]
[wollongongmow.com.au/services/wollongong/our-menu/standard-desserts/bread-and-butter-pudding.html]
[wollongongmow.com.au/services/wollongong/our-menu/vegetarian-meals/vegetarian-pasta-bake.html]
[wollongongmow.com.au/services/wollongong/our-menu/lamb-meals/vienna-schnitzel-and-gravy.html]
[wollongongmow.com.au/services/wollongong/our-menu/mini-meals/mini-meals-curry-sausages-with-mashed-potato.html]
[wollongongmow.com.au/services/wollongong/our-menu/beef-meals/beef-lasagne.html]
[wollongongmow.com.au/services/wollongong/our-menu/chicken-turkey-meals/chicken-schnitzel-gravy.html]
[wollongongmow.com.au/services/wollongong/our-menu/fish-meals/baked-fish-fillet-with-parsley-lemon-butter-steame.html]
[wollongongmow.com.au/services/wollongong/our-menu/beef-meals/beef-pie-mash-gravy.html]
[wollongongmow.com.au/services/wollongong/our-menu/chicken-turkey-meals/chicken-and-spinachcasserole.html]
[wollongongmow.com.au/services/wollongong/our-menu/standard-desserts/apple,-sultana-crumble-with-custard.html]
[wollongongmow.com.au/services/wollongong/our-menu/vegetarian-meals/vegetarian-casserole.html]
[wollongongmow.com.au/services/wollongong/our-menu/texture-modified-meals/lamb-roast.html]
[wollongongmow.com.au/services/wollongong/our-menu/soups/chicken-noodle.html]
[wollongongmow.com.au/services/wollongong/our-menu/pork-meals/pork-sausages.html]
[wollongongmow.com.au/services/wollongong/our-menu/mini-meals/mini-meals-tuna-mornay-with-mash-potato.html]
[wollongongmow.com.au/services/wollongong/our-menu/vegetarian-meals/mushroom-casserole.html]
[wollongongmow.com.au/services/wollongong/our-menu/soups/corn-bacon-chowder.html]
[wollongongmow.com.au/services/wollongong/our-menu/texture-modified-meals/lamb-casserole.html]
[wollongongmow.com.au/services/wollongong/our-menu/mini-meals/mini-meals-grilled-sausages-and-onion-gravy.html]
[wollongongmow.com.au/services/wollongong/our-menu/standard-desserts/chocolate-mousse.html]
[wollongongmow.com.au/services/wollongong/our-menu/fish-meals/curried-prawns-with-rice.html]
[wollongongmow.com.au/services/wollongong/our-menu/chicken-turkey-meals/honey-soy-chicken.html]
[wollongongmow.com.au/services/wollongong/our-menu/beef-meals/beef-rissoles-with-onion-gravy-and-creamy-mash-pot.html]
[wollongongmow.com.au/services/wollongong/our-menu/specialty-range/slow-cooked-lamb-shank-with-creamy-mash-potato.html]
[wollongongmow.com.au/services/wollongong/our-menu-(1)/chicken-turkey-meals.html]
[wollongongmow.com.au/services/wollongong/our-menu/specialty-range/lambs-fry-bacon-with-onion-gravy-mashed-potato.html]
[wollongongmow.com.au/services/wollongong/our-menu/beef-meals/roast-beef-with-homemade-gravy-baked-potat.html]
[wollongongmow.com.au/services/wollongong/our-menu/fish-meals/crumbed-fish-with-baked-potato-wedges.html]
[wollongongmow.com.au/services/wollongong/our-menu/mini-meals/mini-meals-sausages-and-gravy.html]
[wollongongmow.com.au/services/wollongong/our-menu/texture-modified-meals/roast-beef.html]
[wollongongmow.com.au/services/wollongong/our-menu/soups/creamy-chicken-vegetable-soup.html]
[wollongongmow.com.au/services/wollongong/our-menu/vegetarian-meals/spaghetti-veganaise.html]
[wollongongmow.com.au/services/wollongong/our-menu/standard-desserts/double-chocolate-pudding.html]
[wollongongmow.com.au/services/wollongong/our-menu/standard-desserts/fruit-pavlova.html]
[wollongongmow.com.au/services/wollongong/our-menu/vegetarian-meals/vegetarian-parmi.html]
[wollongongmow.com.au/services/wollongong/our-menu/fish-meals/garlic-prawns.html]
[wollongongmow.com.au/services/wollongong/our-menu/chicken-turkey-meals/mango-chicken-breast.html]
[wollongongmow.com.au/services/wollongong/our-menu/soups/creamy-tomato-soup.html]
[wollongongmow.com.au/services/wollongong/our-menu/texture-modified-meals/chicken-mushroom.html]
[wollongongmow.com.au/services/wollongong/our-menu/mini-meals/mini-meals-spaghetti-bolognaise.html]
[wollongongmow.com.au/services/wollongong/our-menu/beef-meals/beef-stroganoff.html]
[wollongongmow.com.au/services/wollongong/our-menu/beef-meals/corned-silverside-with-onion-white-sauce-mashed-po.html]
[wollongongmow.com.au/services/wollongong/our-menu/mini-meals/mini-meals-roast-pork-with-homemade-gravy-baked-po.html]
[wollongongmow.com.au/services/wollongong/our-menu/texture-modified-meals/roast-chicken-breast.html]
[wollongongmow.com.au/services/wollongong/our-menu/chicken-turkey-meals/honey-soy-chicken-(1).html]
[wollongongmow.com.au/services/wollongong/our-menu/soups/pea-ham.html]
[wollongongmow.com.au/services/wollongong/our-menu/standard-desserts/lemon-cheesecake.html]
[wollongongmow.com.au/services/wollongong/our-menu/standard-desserts/lemon-cheesecake-mousse.html]
[wollongongmow.com.au/services/wollongong/our-menu/texture-modified-meals/pork-roast.html]
[wollongongmow.com.au/services/wollongong/our-menu/soups/minestrone-soup.html]
[wollongongmow.com.au/services/wollongong/our-menu/mini-meals/mini-meals-sweet-and-sour-pork.html]
[wollongongmow.com.au/services/wollongong/our-menu/beef-meals/curry-sausages-with-mashed-potato.html]
[wollongongmow.com.au/services/wollongong/our-menu/chicken-turkey-meals/roast-chicken-with-homemade-gravy-baked-potato.html]
[wollongongmow.com.au/services/wollongong/our-menu/mini-meals/mini-meals-macaroni.html]
[wollongongmow.com.au/services/wollongong/our-menu/beef-meals/savory-beef-mince-with-mashed-potato.html]
[wollongongmow.com.au/services/wollongong/our-menu/standard-desserts/baked-rice-pudding.html]
[wollongongmow.com.au/services/wollongong/our-menu/soups/potato-leek.html]
[wollongongmow.com.au/services/wollongong/our-menu/texture-modified-meals/barramundi-lemon-butter.html]
[wollongongmow.com.au/services/wollongong/our-menu/chicken-turkey-meals/sweet-sour-chicken.html]
[wollongongmow.com.au/services/wollongong/our-menu/soups/pumpkin-(1).html]
[wollongongmow.com.au/services/wollongong/our-menu/mini-meals/mini-meals-crumbed-fish.html]
[wollongongmow.com.au/services/wollongong/our-menu/standard-desserts/sticky-date-pudding-with-caramel-sauce.html]
[wollongongmow.com.au/services/wollongong/our-menu/beef-meals/spaghetti-bolognaise.html]
[wollongongmow.com.au/services/wollongong/our-menu/mini-meals/lemon-chicken-with-rice.html]
[wollongongmow.com.au/services/wollongong/our-menu/standard-desserts/tiramisu.html]
[wollongongmow.com.au/services/wollongong/our-menu/beef-meals/bangers-and-mash.html]
[wollongongmow.com.au/services/wollongong/our-menu/mini-meals/mini-meals-sweet-sour-pork-with-rice.html]
[wollongongmow.com.au/services/wollongong/our-menu/beef-meals/beef-pie-gravy.html]
[wollongongmow.com.au/services/wollongong/our-menu/standard-desserts/vanilla-tea-cake.html]
[wollongongmow.com.au/services/wollongong/our-menu/beef-meals/beef-ravioli.html]
[wollongongmow.com.au/services/wollongong/our-menu/mini-meals/mini-meals-mild-chicken-curry.html]
[wollongongmow.com.au/services/wollongong/our-menu/mini-meals/mini-meals-beef-curry-with-steamed-rice-(mild).html]
[wollongongmow.com.au/services/wollongong/our-menu/beef-meals/beef-lasagne-(1).html]
[wollongongmow.com.au/services/wollongong/our-menu/mini-meals/mini-meals-lamb-and-mint-rissoles.html]
[wollongongmow.com.au/services/wollongong/our-menu/mini-meals/mini-meals-pork-steak-with-honey-soy-sauce.html]
[wollongongmow.com.au/services/wollongong/our-menu/beef-meals/beef-ragu-lasagna-with-pumpkin-mixed-garden-ve-(1).html]
[wollongongmow.com.au/services/wollongong/our-menu/mini-meals/mini-meals-battered-fish-pieces-with-baked-potato.html]
[wollongongmow.com.au/services/wollongong/our-menu/mini-meals/mini-meals-roast-lamb-with-homemade-gravy-baked-po.html]
[wollongongmow.com.au/services/wollongong/our-menu/mini-meals/mini-meals-roast-beef-with-gravy.html]
[wollongongmow.com.au/services/wollongong/our-menu/mini-meals/mini-meals-beef-lasagne.html]
[wollongongmow.com.au/services/wollongong/our-menu/mini-meals/vegetable-bake.html]
[wollongongmow.com.au/NswMealsOnWheels/markup/dist/assets/img/logos/youtube.svg]
[wollongongmow.com.au/services/wollongong/our-menuab78.html]
[wollongongmow.com.au/services/wollongong/our-menudef3.html]
[wollongongmow.com.au/services/wollongong/our-menud641.html]
[wollongongmow.com.au/services/wollongong/our-menu9050.html]
[wollongongmow.com.au/services/wollongong/our-menu8d6d.html]
[wollongongmow.com.au/services/wollongong/our-menu9c89.html]
[wollongongmow.com.au/services/wollongong/our-menu731c.html]
[wollongongmow.com.au/services/wollongong/our-menu7cf0.html]
[wollongongmow.com.au/services/wollongong/our-menu99f5.html]
[wollongongmow.com.au/services/wollongong/our-menuc1d7.html]
[wollongongmow.com.au/services/wollongong/our-menu7db9.html]
[wollongongmow.com.au/NSWMealsOnWheels/markup/dist/assets/img/icons/recipe-new/DIABETES-FRIENDLY_ICON.html]
[wollongongmow.com.au/services/wollongong/our-menu/assets/img/images/product.html]
